<html>
<body>
<pre>
<h1>µVision Build Log</h1>
<h2>Tool Versions:</h2>
IDE-Version: ÂµVision V5.41.0.0
Copyright (C) 2024 ARM Ltd and ARM Germany GmbH. All rights reserved.
License Information: a b, c, LIC=7YKYW-QESAX-YD9K5-GKUB5-2WWZS-K92YC
 
Tool Versions:
Toolchain:       MDK-ARM Professional  Version: 5.41.0.0
Toolchain Path:  C:\Users\Sundrax\AppData\Local\Keil_v5\ARM\ARMCLANG\Bin
C Compiler:      ArmClang.exe V6.22
Assembler:       Armasm.exe V6.22
Linker/Locator:  ArmLink.exe V6.22
Library Manager: ArmAr.exe V6.22
Hex Converter:   FromElf.exe V6.22
CPU DLL:         
Dialog DLL:      
Target DLL:      STLink\ST-LINKIII-KEIL_SWO.dll V3.3.0.0
Dialog DLL:      TCM.DLL V1.56.4.0
 
<h2>Project:</h2>
C:\works\New_Mic_try_NN_final\New_Mic_try_NN_final\MDK-ARM\New_Mic_try_NN_final.uvprojx
Project File Date:  01/22/2025

<h2>Output:</h2>
*** Using Compiler 'V6.22', folder: 'C:\Users\Sundrax\AppData\Local\Keil_v5\ARM\ARMCLANG\Bin'
Build target 'New_Mic_try_NN_final'
compiling network_data.c...
compiling retarget.c...
compiling network_data_params.c...
compiling network.c...
compiling app_x-cube-ai.c...
compiling stm32u5xx_it.c...
compiling main.c...
compiling stm32u5xx_hal_msp.c...
compiling stm32u5xx_hal_cortex.c...
compiling stm32u5xx_hal.c...
compiling stm32u5xx_hal_dma.c...
compiling stm32u5xx_hal_i2c.c...
compiling stm32u5xx_hal_i2c_ex.c...
compiling stm32u5xx_hal_dma_ex.c...
compiling stm32u5xx_hal_flash.c...
compiling stm32u5xx_hal_flash_ex.c...
compiling stm32u5xx_hal_rcc.c...
compiling stm32u5xx_hal_rcc_ex.c...
compiling stm32u5xx_hal_exti.c...
compiling stm32u5xx_hal_gpio.c...
compiling stm32u5xx_hal_pwr.c...
compiling stm32u5xx_hal_pwr_ex.c...
compiling stm32u5xx_hal_gtzc.c...
compiling stm32u5xx_hal_icache.c...
compiling stm32u5xx_hal_sai_ex.c...
compiling stm32u5xx_hal_sai.c...
compiling stm32u5xx_hal_tim_ex.c...
compiling stm32u5xx_hal_uart_ex.c...
compiling system_stm32u5xx.c...
compiling BasicMathFunctionsF16.c...
compiling stm32u5xx_hal_tim.c...
compiling stm32u5xx_hal_uart.c...
compiling BayesFunctions.c...
compiling BayesFunctionsF16.c...
compiling BasicMathFunctions.c...
compiling ComplexMathFunctionsF16.c...
compiling ComplexMathFunctions.c...
compiling ControllerFunctions.c...
compiling CommonTablesF16.c...
compiling DistanceFunctionsF16.c...
compiling FastMathFunctionsF16.c...
compiling FastMathFunctions.c...
compiling FilteringFunctionsF16.c...
compiling DistanceFunctions.c...
compiling InterpolationFunctions.c...
compiling InterpolationFunctionsF16.c...
compiling QuaternionMathFunctions.c...
compiling CommonTables.c...
compiling SVMFunctions.c...
compiling MatrixFunctionsF16.c...
compiling SVMFunctionsF16.c...
compiling StatisticsFunctionsF16.c...
compiling SupportFunctionsF16.c...
compiling SupportFunctions.c...
compiling StatisticsFunctions.c...
compiling MatrixFunctions.c...
compiling WindowFunctions.c...
compiling TransformFunctionsF16.c...
compiling TransformFunctions.c...
compiling FilteringFunctions.c...
linking...
Program Size: Code=74130 RO-data=647434 RW-data=30060 ZI-data=663972  
FromELF: creating hex file...
"New_Mic_try_NN_final\New_Mic_try_NN_final.axf" - 0 Error(s), 0 Warning(s).

<h2>Software Packages used:</h2>

Package Vendor: ARM
                https://www.keil.com/pack/ARM.CMSIS.6.1.0.pack
                ARM::CMSIS@6.1.0
                CMSIS (Common Microcontroller Software Interface Standard)
   * Component: CORE Version: 6.1.0

Package Vendor: ARM
                https://www.keil.com/pack/ARM.CMSIS-DSP.1.16.2.pack
                ARM::CMSIS-DSP@1.16.2
                CMSIS Embedded Compute Library
   * Component: DSP Variant: Source Version: 1.16.2

Package Vendor: Keil
                https://www.keil.com/pack/Keil.STM32U5xx_DFP.2.2.1.pack
                Keil::STM32U5xx_DFP@2.2.1
                STMicroelectronics STM32U5 Series Device Support

<h2>Collection of Component include folders:</h2>
  ./RTE/_New_Mic_try_NN_final
  C:/Users/Sundrax/AppData/Local/Arm/Packs/ARM/CMSIS-DSP/1.16.2/Include
  C:/Users/Sundrax/AppData/Local/Arm/Packs/ARM/CMSIS-DSP/1.16.2/PrivateInclude
  C:/Users/Sundrax/AppData/Local/Arm/Packs/ARM/CMSIS/6.1.0/CMSIS/Core/Include
  C:/Users/Sundrax/AppData/Local/Arm/Packs/Keil/STM32U5xx_DFP/2.2.1/Drivers/CMSIS/Device/ST/STM32U5xx/Include

<h2>Collection of Component Files used:</h2>

   * Component: ARM::CMSIS:CORE@6.1.0
      Include file:  CMSIS/Core/Include/tz_context.h

   * Component: ARM::CMSIS:DSP&Source@1.16.2
      Include file:  Include/arm_math.h
      Source file:   Source/ComplexMathFunctions/ComplexMathFunctionsF16.c
      Include file:  Include/arm_const_structs_f16.h
      Source file:   Source/InterpolationFunctions/InterpolationFunctions.c
      Source file:   Source/QuaternionMathFunctions/QuaternionMathFunctions.c
      Source file:   Source/ControllerFunctions/ControllerFunctions.c
      Source file:   Source/CommonTables/CommonTables.c
      Source file:   Source/MatrixFunctions/MatrixFunctionsF16.c
      Source file:   Source/InterpolationFunctions/InterpolationFunctionsF16.c
      Include file:  Include/arm_common_tables.h
      Source file:   Source/BasicMathFunctions/BasicMathFunctions.c
      Source file:   Source/TransformFunctions/TransformFunctions.c
      Source file:   Source/TransformFunctions/TransformFunctionsF16.c
      Source file:   Source/SupportFunctions/SupportFunctions.c
      Source file:   Source/StatisticsFunctions/StatisticsFunctionsF16.c
      Source file:   Source/FilteringFunctions/FilteringFunctionsF16.c
      Source file:   Source/CommonTables/CommonTablesF16.c
      Source file:   Source/SupportFunctions/SupportFunctionsF16.c
      Source file:   Source/BasicMathFunctions/BasicMathFunctionsF16.c
      Include file:  Include/arm_const_structs.h
      Include file:  Include/arm_common_tables_f16.h
      Source file:   Source/ComplexMathFunctions/ComplexMathFunctions.c
      Source file:   Source/FilteringFunctions/FilteringFunctions.c
      Source file:   Source/FastMathFunctions/FastMathFunctions.c
      Include file:  Include/arm_math_f16.h
      Source file:   Source/DistanceFunctions/DistanceFunctions.c
      Source file:   Source/MatrixFunctions/MatrixFunctions.c
      Source file:   Source/StatisticsFunctions/StatisticsFunctions.c
      Source file:   Source/BayesFunctions/BayesFunctions.c
      Source file:   Source/SVMFunctions/SVMFunctions.c
      Source file:   Source/WindowFunctions/WindowFunctions.c
      Source file:   Source/BayesFunctions/BayesFunctionsF16.c
      Source file:   Source/SVMFunctions/SVMFunctionsF16.c
      Source file:   Source/DistanceFunctions/DistanceFunctionsF16.c
      Source file:   Source/FastMathFunctions/FastMathFunctionsF16.c
Build Time Elapsed:  00:00:07
</pre>
</body>
</html>
